<html>
<body>
<pre>
<h1>µVision Build Log</h1>
<h2>Tool Versions:</h2>
IDE-Version: µVision V5.29.0.0
Copyright (C) 2019 ARM Ltd and ARM Germany GmbH. All rights reserved.
License Information: Vishal Kompalli, Manipal Academy of Higher Education, LIC=----
 
Tool Versions:
Toolchain:       MDK-Lite  Version: 5.29.0.0
Toolchain Path:  C:\Keil_v5\ARM\ARMCC\Bin
C Compiler:      Armcc.exe V5.06 update 6 (build 750)
Assembler:       Armasm.exe V5.06 update 6 (build 750)
Linker/Locator:  ArmLink.exe V5.06 update 6 (build 750)
Library Manager: ArmAr.exe V5.06 update 6 (build 750)
Hex Converter:   FromElf.exe V5.06 update 6 (build 750)
CPU DLL:         SARM.DLL V5.29.0.0
Dialog DLL:      DARMP.DLL V1.53.0.0
Target DLL:      UL2ARM.DLL V1.74.10.0
Dialog DLL:      TARMP.DLL V1.53.0.0
 
<h2>Project:</h2>
D:\ProteusExample\7segdisplay_1\CODE\7segdisplay_1.uvproj
Project File Date:  10/17/2022

<h2>Output:</h2>
*** Using Compiler 'V5.06 update 6 (build 750)', folder: 'C:\Keil_v5\ARM\ARMCC\Bin'
Build target 'Target 1'
compiling 7segdisplay_1.c...
7segdisplay_1.c(8): warning:  #1295-D: Deprecated declaration lcd_int - give arg types
  void lcd_int();
7segdisplay_1.c(13): warning:  #951-D: return type of function "main" must be "int"
  void main()
7segdisplay_1.c(21): warning:  #174-D: expression has no effect
          delay(100);
7segdisplay_1.c(61): warning:  #1-D: last line of file ends without a newline
  }
linking...
Program Size: Code=1032 RO-data=32 RW-data=4 ZI-data=1260  
FromELF: creating hex file...
".\Objects\7segdisplay_1.axf" - 0 Error(s), 4 Warning(s).
Build Time Elapsed:  00:00:00
</pre>
</body>
</html>
